/workspace/ArtisanalBrew/tools/ThisCafeteria.CrossStackHarness/ThisCafeteria.CrossStackHarness.csproj : warning NU1608: Detected package version outside of dependency constraint: Nethereum.JsonRpc.Client 5.8.0 requires Microsoft.Extensions.Logging.Abstractions (>= 6.0.0 && < 10.0.0) but version Microsoft.Extensions.Logging.Abstractions 10.0.12 was resolved.
/workspace/ArtisanalBrew/tests/ThisCafeteria.UnitTests/ThisCafeteria.UnitTests.csproj : warning NU1608: Detected package version outside of dependency constraint: Nethereum.JsonRpc.Client 5.8.0 requires Microsoft.Extensions.Logging.Abstractions (>= 6.0.0 && < 10.0.0) but version Microsoft.Extensions.Logging.Abstractions 10.0.12 was resolved.
/workspace/ArtisanalBrew/tests/ThisCafeteria.UnitTests/ThisCafeteria.UnitTests.csproj : warning NU1903: Package 'SQLitePCLRaw.lib.e_sqlite3' 2.1.11 has a known high severity vulnerability, https://github.com/advisories/GHSA-2m69-gcr7-jv3q
/workspace/ArtisanalBrew/tools/ThisCafeteria.CrossStackHarness/ThisCafeteria.CrossStackHarness.csproj : warning NU1903: Package 'SQLitePCLRaw.lib.e_sqlite3' 2.1.11 has a known high severity vulnerability, https://github.com/advisories/GHSA-2m69-gcr7-jv3q
/workspace/ArtisanalBrew/src/ThisCafeteria.Infrastructure/ThisCafeteria.Infrastructure.csproj : warning NU1510: PackageReference Microsoft.Extensions.Configuration.Abstractions will not be pruned. This package is automatically available and does not need to be referenced explicitly. Remove the PackageReference item.
/workspace/ArtisanalBrew/src/ThisCafeteria.Infrastructure/ThisCafeteria.Infrastructure.csproj : warning NU1510: PackageReference Microsoft.Extensions.Http will not be pruned. This package is automatically available and does not need to be referenced explicitly. Remove the PackageReference item.
/workspace/ArtisanalBrew/src/ThisCafeteria.Infrastructure/ThisCafeteria.Infrastructure.csproj : warning NU1510: PackageReference Microsoft.Extensions.DependencyInjection.Abstractions will not be pruned. This package is automatically available and does not need to be referenced explicitly. Remove the PackageReference item.
/workspace/ArtisanalBrew/src/ThisCafeteria.Infrastructure/ThisCafeteria.Infrastructure.csproj : warning NU1510: PackageReference Microsoft.Extensions.Hosting.Abstractions will not be pruned. This package is automatically available and does not need to be referenced explicitly. Remove the PackageReference item.
/workspace/ArtisanalBrew/src/ThisCafeteria.Infrastructure/ThisCafeteria.Infrastructure.csproj : warning NU1510: PackageReference Microsoft.Extensions.Logging.Abstractions will not be pruned. This package is automatically available and does not need to be referenced explicitly. Remove the PackageReference item.
/workspace/ArtisanalBrew/src/ThisCafeteria.Infrastructure/ThisCafeteria.Infrastructure.csproj : warning NU1608: Detected package version outside of dependency constraint: Nethereum.JsonRpc.Client 5.8.0 requires Microsoft.Extensions.Logging.Abstractions (>= 6.0.0 && < 10.0.0) but version Microsoft.Extensions.Logging.Abstractions 10.0.12 was resolved.
/workspace/ArtisanalBrew/src/ThisCafeteria.Worker/ThisCafeteria.Worker.csproj : warning NU1608: Detected package version outside of dependency constraint: Nethereum.JsonRpc.Client 5.8.0 requires Microsoft.Extensions.Logging.Abstractions (>= 6.0.0 && < 10.0.0) but version Microsoft.Extensions.Logging.Abstractions 10.0.8 was resolved.
/workspace/ArtisanalBrew/tests/ThisCafeteria.IntegrationTests/ThisCafeteria.IntegrationTests.csproj : warning NU1608: Detected package version outside of dependency constraint: Nethereum.JsonRpc.Client 5.8.0 requires Microsoft.Extensions.Logging.Abstractions (>= 6.0.0 && < 10.0.0) but version Microsoft.Extensions.Logging.Abstractions 10.0.12 was resolved.
/workspace/ArtisanalBrew/tests/ThisCafeteria.ArchitectureTests/ThisCafeteria.ArchitectureTests.csproj : warning NU1608: Detected package version outside of dependency constraint: Nethereum.JsonRpc.Client 5.8.0 requires Microsoft.Extensions.Logging.Abstractions (>= 6.0.0 && < 10.0.0) but version Microsoft.Extensions.Logging.Abstractions 10.0.12 was resolved.
  ThisCafeteria.Domain -> /workspace/ArtisanalBrew/src/ThisCafeteria.Domain/bin/Release/net10.0/ThisCafeteria.Domain.dll
  ThisCafeteria.Application -> /workspace/ArtisanalBrew/src/ThisCafeteria.Application/bin/Release/net10.0/ThisCafeteria.Application.dll
  ThisCafeteria.Infrastructure -> /workspace/ArtisanalBrew/src/ThisCafeteria.Infrastructure/bin/Release/net10.0/ThisCafeteria.Infrastructure.dll
  ThisCafeteria.CrossStackHarness -> /workspace/ArtisanalBrew/tools/ThisCafeteria.CrossStackHarness/bin/Release/net10.0/ThisCafeteria.CrossStackHarness.dll
  ThisCafeteria.Worker -> /workspace/ArtisanalBrew/src/ThisCafeteria.Worker/bin/Release/net10.0/ThisCafeteria.Worker.dll
/workspace/ArtisanalBrew/src/ThisCafeteria.Web/obj/Release/net10.0/Microsoft.CodeAnalysis.Razor.Compiler/Microsoft.NET.Sdk.Razor.SourceGenerators.RazorSourceGenerator/Components/Layout/NavMenu_razor.g.cs(316,13): warning CS0162: Unreachable code detected [/workspace/ArtisanalBrew/src/ThisCafeteria.Web/ThisCafeteria.Web.csproj]
/workspace/ArtisanalBrew/src/ThisCafeteria.Web/obj/Release/net10.0/Microsoft.CodeAnalysis.Razor.Compiler/Microsoft.NET.Sdk.Razor.SourceGenerators.RazorSourceGenerator/Components/Layout/NavMenu_razor.g.cs(1162,13): warning CS0162: Unreachable code detected [/workspace/ArtisanalBrew/src/ThisCafeteria.Web/ThisCafeteria.Web.csproj]
/workspace/ArtisanalBrew/src/ThisCafeteria.Web/Components/AgenticCommerce/ProcurementLab.razor(910,19): warning CS8604: Possible null reference argument for parameter 'jsObjectReference' in 'ValueTask JSObjectReferenceExtensions.InvokeVoidAsync(IJSObjectReference jsObjectReference, string identifier, params object?[]? args)'. [/workspace/ArtisanalBrew/src/ThisCafeteria.Web/ThisCafeteria.Web.csproj]
/workspace/ArtisanalBrew/src/ThisCafeteria.Web/Components/Pages/Products.razor(232,18): warning CS0649: Field 'Products._listView' is never assigned to, and will always have its default value false [/workspace/ArtisanalBrew/src/ThisCafeteria.Web/ThisCafeteria.Web.csproj]
  ThisCafeteria.Web -> /workspace/ArtisanalBrew/src/ThisCafeteria.Web/bin/Release/net10.0/ThisCafeteria.Web.dll
  ThisCafeteria.IntegrationTests -> /workspace/ArtisanalBrew/tests/ThisCafeteria.IntegrationTests/bin/Release/net10.0/ThisCafeteria.IntegrationTests.dll
  ThisCafeteria.ArchitectureTests -> /workspace/ArtisanalBrew/tests/ThisCafeteria.ArchitectureTests/bin/Release/net10.0/ThisCafeteria.ArchitectureTests.dll
  ThisCafeteria.UnitTests -> /workspace/ArtisanalBrew/tests/ThisCafeteria.UnitTests/bin/Release/net10.0/ThisCafeteria.UnitTests.dll

Build succeeded.

/workspace/ArtisanalBrew/tools/ThisCafeteria.CrossStackHarness/ThisCafeteria.CrossStackHarness.csproj : warning NU1608: Detected package version outside of dependency constraint: Nethereum.JsonRpc.Client 5.8.0 requires Microsoft.Extensions.Logging.Abstractions (>= 6.0.0 && < 10.0.0) but version Microsoft.Extensions.Logging.Abstractions 10.0.12 was resolved.
/workspace/ArtisanalBrew/tests/ThisCafeteria.UnitTests/ThisCafeteria.UnitTests.csproj : warning NU1608: Detected package version outside of dependency constraint: Nethereum.JsonRpc.Client 5.8.0 requires Microsoft.Extensions.Logging.Abstractions (>= 6.0.0 && < 10.0.0) but version Microsoft.Extensions.Logging.Abstractions 10.0.12 was resolved.
/workspace/ArtisanalBrew/tests/ThisCafeteria.UnitTests/ThisCafeteria.UnitTests.csproj : warning NU1903: Package 'SQLitePCLRaw.lib.e_sqlite3' 2.1.11 has a known high severity vulnerability, https://github.com/advisories/GHSA-2m69-gcr7-jv3q
/workspace/ArtisanalBrew/tools/ThisCafeteria.CrossStackHarness/ThisCafeteria.CrossStackHarness.csproj : warning NU1903: Package 'SQLitePCLRaw.lib.e_sqlite3' 2.1.11 has a known high severity vulnerability, https://github.com/advisories/GHSA-2m69-gcr7-jv3q
/workspace/ArtisanalBrew/src/ThisCafeteria.Infrastructure/ThisCafeteria.Infrastructure.csproj : warning NU1510: PackageReference Microsoft.Extensions.Configuration.Abstractions will not be pruned. This package is automatically available and does not need to be referenced explicitly. Remove the PackageReference item.
/workspace/ArtisanalBrew/src/ThisCafeteria.Infrastructure/ThisCafeteria.Infrastructure.csproj : warning NU1510: PackageReference Microsoft.Extensions.Http will not be pruned. This package is automatically available and does not need to be referenced explicitly. Remove the PackageReference item.
/workspace/ArtisanalBrew/src/ThisCafeteria.Infrastructure/ThisCafeteria.Infrastructure.csproj : warning NU1510: PackageReference Microsoft.Extensions.DependencyInjection.Abstractions will not be pruned. This package is automatically available and does not need to be referenced explicitly. Remove the PackageReference item.
/workspace/ArtisanalBrew/src/ThisCafeteria.Infrastructure/ThisCafeteria.Infrastructure.csproj : warning NU1510: PackageReference Microsoft.Extensions.Hosting.Abstractions will not be pruned. This package is automatically available and does not need to be referenced explicitly. Remove the PackageReference item.
/workspace/ArtisanalBrew/src/ThisCafeteria.Infrastructure/ThisCafeteria.Infrastructure.csproj : warning NU1510: PackageReference Microsoft.Extensions.Logging.Abstractions will not be pruned. This package is automatically available and does not need to be referenced explicitly. Remove the PackageReference item.
/workspace/ArtisanalBrew/src/ThisCafeteria.Infrastructure/ThisCafeteria.Infrastructure.csproj : warning NU1608: Detected package version outside of dependency constraint: Nethereum.JsonRpc.Client 5.8.0 requires Microsoft.Extensions.Logging.Abstractions (>= 6.0.0 && < 10.0.0) but version Microsoft.Extensions.Logging.Abstractions 10.0.12 was resolved.
/workspace/ArtisanalBrew/src/ThisCafeteria.Worker/ThisCafeteria.Worker.csproj : warning NU1608: Detected package version outside of dependency constraint: Nethereum.JsonRpc.Client 5.8.0 requires Microsoft.Extensions.Logging.Abstractions (>= 6.0.0 && < 10.0.0) but version Microsoft.Extensions.Logging.Abstractions 10.0.8 was resolved.
/workspace/ArtisanalBrew/tests/ThisCafeteria.IntegrationTests/ThisCafeteria.IntegrationTests.csproj : warning NU1608: Detected package version outside of dependency constraint: Nethereum.JsonRpc.Client 5.8.0 requires Microsoft.Extensions.Logging.Abstractions (>= 6.0.0 && < 10.0.0) but version Microsoft.Extensions.Logging.Abstractions 10.0.12 was resolved.
/workspace/ArtisanalBrew/tests/ThisCafeteria.ArchitectureTests/ThisCafeteria.ArchitectureTests.csproj : warning NU1608: Detected package version outside of dependency constraint: Nethereum.JsonRpc.Client 5.8.0 requires Microsoft.Extensions.Logging.Abstractions (>= 6.0.0 && < 10.0.0) but version Microsoft.Extensions.Logging.Abstractions 10.0.12 was resolved.
/workspace/ArtisanalBrew/src/ThisCafeteria.Web/obj/Release/net10.0/Microsoft.CodeAnalysis.Razor.Compiler/Microsoft.NET.Sdk.Razor.SourceGenerators.RazorSourceGenerator/Components/Layout/NavMenu_razor.g.cs(316,13): warning CS0162: Unreachable code detected [/workspace/ArtisanalBrew/src/ThisCafeteria.Web/ThisCafeteria.Web.csproj]
/workspace/ArtisanalBrew/src/ThisCafeteria.Web/obj/Release/net10.0/Microsoft.CodeAnalysis.Razor.Compiler/Microsoft.NET.Sdk.Razor.SourceGenerators.RazorSourceGenerator/Components/Layout/NavMenu_razor.g.cs(1162,13): warning CS0162: Unreachable code detected [/workspace/ArtisanalBrew/src/ThisCafeteria.Web/ThisCafeteria.Web.csproj]
/workspace/ArtisanalBrew/src/ThisCafeteria.Web/Components/AgenticCommerce/ProcurementLab.razor(910,19): warning CS8604: Possible null reference argument for parameter 'jsObjectReference' in 'ValueTask JSObjectReferenceExtensions.InvokeVoidAsync(IJSObjectReference jsObjectReference, string identifier, params object?[]? args)'. [/workspace/ArtisanalBrew/src/ThisCafeteria.Web/ThisCafeteria.Web.csproj]
/workspace/ArtisanalBrew/src/ThisCafeteria.Web/Components/Pages/Products.razor(232,18): warning CS0649: Field 'Products._listView' is never assigned to, and will always have its default value false [/workspace/ArtisanalBrew/src/ThisCafeteria.Web/ThisCafeteria.Web.csproj]
    17 Warning(s)
    0 Error(s)

Time Elapsed 00:00:14.81
