RESTORE exit=0 duration=7s
BUILD exit=0 duration=16s
UNIT exit=0 duration=5s
TEST_POSTGRES_CONNECTION set (password redacted in logs)
ARCH exit=0 duration=1s
INTEGRATION exit=0 duration=11s
AGENTGATEWAY npmci exit=0 duration=4s
AGENTGATEWAY test+build exit=0 duration=12s
EVM npmci exit=0 duration=8s
EVM test exit=1 duration=1s
EVM test exit=0 duration=25s node=v22.14.0
SOLANA cargo exit=0 duration=25s
SOLANA browser exit=0 duration=4s

# --- Part1 command summary (durations approximate) ---
# box: git checkout --detach 2dd68cc...
# curl GET https://cafe.alexisrs.dev/ -> 200 (Caddy/Kestrel); no deploy-version header
# curl GET /health/ready -> 200
# curl GET /products -> 200
# curl GET /staking -> 200
# curl GET /.well-known/agent-card.json -> 200 {"network":"eip155:84532",...}
# curl GET /api/chains -> 200 default ethereum-sepolia liquidVault=0x0a7b7d...
# dotnet restore exit=0 ~7s
# dotnet build Release --no-restore exit=0 ~16s (0 errors, warnings present)
# apt install postgresql (isolated box) + create thiscafeteria_test
# dotnet test Unit exit=0 ~5s  Passed=373 Failed=0 Skipped=0
# dotnet test Architecture exit=0 ~1s  Passed=11 Failed=0 Skipped=0
# dotnet test Integration exit=0 ~11s Passed=17 Failed=0 Skipped=0  (TEST_POSTGRES_CONNECTION local)
# AgentGateway npm ci exit=0 ~4s; npm test+build exit=0 ~12s  pass=20 skip=1 fail=0
# EVM npm test Node20 exit=1 (unsupported); Node22 exit=0 ~25s  29 passing
# Solana cargo test exit=0 ~25s  4 passed
# Solana npm test:browser exit=0 ~4s  3 passing
# run-acceptance.sh NOT RUN (inspect-only; can RESET_DB / background Hardhat+Worker)
# Mac git status NOT RUN (machineId Shell unavailable)
