========================================================
 Phase 3 Acceptance Harness
 Command  : run-acceptance.sh 
 Timestamp: 2026-07-21T17:03:59Z
 Log      : acceptance-evidence-20260721-110359.log
========================================================
INFO: ACCEPTANCE_ISOLATED=1 set – accepting isolated environment.
INFO: contracts/evm/.acceptance-isolated marker found.
--- Checking PostgreSQL health ---
PostgreSQL is ready.
--- Building projects ---
  Determining projects to restore...
/Users/alexis/Downloads/tcde/ArtisanalBrew/src/ThisCafeteria.Worker/ThisCafeteria.Worker.csproj : warning NU1608: Detected package version outside of dependency constraint: Nethereum.JsonRpc.Client 5.8.0 requires Microsoft.Extensions.Logging.Abstractions (>= 6.0.0 && < 10.0.0) but version Microsoft.Extensions.Logging.Abstractions 10.0.10 was resolved. [/Users/alexis/Downloads/tcde/ArtisanalBrew/ThisCafeteria.sln]
/Users/alexis/Downloads/tcde/ArtisanalBrew/src/ThisCafeteria.Infrastructure/ThisCafeteria.Infrastructure.csproj : warning NU1608: Detected package version outside of dependency constraint: Nethereum.JsonRpc.Client 5.8.0 requires Microsoft.Extensions.Logging.Abstractions (>= 6.0.0 && < 10.0.0) but version Microsoft.Extensions.Logging.Abstractions 10.0.10 was resolved. [/Users/alexis/Downloads/tcde/ArtisanalBrew/ThisCafeteria.sln]
/Users/alexis/Downloads/tcde/ArtisanalBrew/tests/ThisCafeteria.IntegrationTests/ThisCafeteria.IntegrationTests.csproj : warning NU1608: Detected package version outside of dependency constraint: Nethereum.JsonRpc.Client 5.8.0 requires Microsoft.Extensions.Logging.Abstractions (>= 6.0.0 && < 10.0.0) but version Microsoft.Extensions.Logging.Abstractions 10.0.10 was resolved. [/Users/alexis/Downloads/tcde/ArtisanalBrew/ThisCafeteria.sln]
/Users/alexis/Downloads/tcde/ArtisanalBrew/tests/ThisCafeteria.UnitTests/ThisCafeteria.UnitTests.csproj : warning NU1608: Detected package version outside of dependency constraint: Nethereum.JsonRpc.Client 5.8.0 requires Microsoft.Extensions.Logging.Abstractions (>= 6.0.0 && < 10.0.0) but version Microsoft.Extensions.Logging.Abstractions 10.0.10 was resolved. [/Users/alexis/Downloads/tcde/ArtisanalBrew/ThisCafeteria.sln]
/Users/alexis/Downloads/tcde/ArtisanalBrew/tests/ThisCafeteria.IntegrationTests/ThisCafeteria.IntegrationTests.csproj : warning NU1903: Package 'System.Security.Cryptography.Xml' 10.0.7 has a known high severity vulnerability, https://github.com/advisories/GHSA-23rf-6693-g89p [/Users/alexis/Downloads/tcde/ArtisanalBrew/ThisCafeteria.sln]
/Users/alexis/Downloads/tcde/ArtisanalBrew/tests/ThisCafeteria.UnitTests/ThisCafeteria.UnitTests.csproj : warning NU1903: Package 'SQLitePCLRaw.lib.e_sqlite3' 2.1.11 has a known high severity vulnerability, https://github.com/advisories/GHSA-2m69-gcr7-jv3q [/Users/alexis/Downloads/tcde/ArtisanalBrew/ThisCafeteria.sln]
/Users/alexis/Downloads/tcde/ArtisanalBrew/tools/ThisCafeteria.CrossStackHarness/ThisCafeteria.CrossStackHarness.csproj : warning NU1608: Detected package version outside of dependency constraint: Nethereum.JsonRpc.Client 5.8.0 requires Microsoft.Extensions.Logging.Abstractions (>= 6.0.0 && < 10.0.0) but version Microsoft.Extensions.Logging.Abstractions 10.0.10 was resolved. [/Users/alexis/Downloads/tcde/ArtisanalBrew/ThisCafeteria.sln]
/Users/alexis/Downloads/tcde/ArtisanalBrew/tests/ThisCafeteria.IntegrationTests/ThisCafeteria.IntegrationTests.csproj : warning NU1903: Package 'System.Security.Cryptography.Xml' 10.0.7 has a known high severity vulnerability, https://github.com/advisories/GHSA-8q5v-6pqq-x66h [/Users/alexis/Downloads/tcde/ArtisanalBrew/ThisCafeteria.sln]
/Users/alexis/Downloads/tcde/ArtisanalBrew/tests/ThisCafeteria.UnitTests/ThisCafeteria.UnitTests.csproj : warning NU1903: Package 'System.Security.Cryptography.Xml' 10.0.7 has a known high severity vulnerability, https://github.com/advisories/GHSA-23rf-6693-g89p [/Users/alexis/Downloads/tcde/ArtisanalBrew/ThisCafeteria.sln]
/Users/alexis/Downloads/tcde/ArtisanalBrew/tests/ThisCafeteria.IntegrationTests/ThisCafeteria.IntegrationTests.csproj : warning NU1903: Package 'System.Security.Cryptography.Xml' 10.0.7 has a known high severity vulnerability, https://github.com/advisories/GHSA-cvvh-rhrc-wg4q [/Users/alexis/Downloads/tcde/ArtisanalBrew/ThisCafeteria.sln]
/Users/alexis/Downloads/tcde/ArtisanalBrew/tests/ThisCafeteria.UnitTests/ThisCafeteria.UnitTests.csproj : warning NU1903: Package 'System.Security.Cryptography.Xml' 10.0.7 has a known high severity vulnerability, https://github.com/advisories/GHSA-8q5v-6pqq-x66h [/Users/alexis/Downloads/tcde/ArtisanalBrew/ThisCafeteria.sln]
/Users/alexis/Downloads/tcde/ArtisanalBrew/tests/ThisCafeteria.IntegrationTests/ThisCafeteria.IntegrationTests.csproj : warning NU1903: Package 'System.Security.Cryptography.Xml' 10.0.7 has a known high severity vulnerability, https://github.com/advisories/GHSA-g8r8-53c2-pm3f [/Users/alexis/Downloads/tcde/ArtisanalBrew/ThisCafeteria.sln]
/Users/alexis/Downloads/tcde/ArtisanalBrew/tests/ThisCafeteria.UnitTests/ThisCafeteria.UnitTests.csproj : warning NU1903: Package 'System.Security.Cryptography.Xml' 10.0.7 has a known high severity vulnerability, https://github.com/advisories/GHSA-cvvh-rhrc-wg4q [/Users/alexis/Downloads/tcde/ArtisanalBrew/ThisCafeteria.sln]
/Users/alexis/Downloads/tcde/ArtisanalBrew/tests/ThisCafeteria.UnitTests/ThisCafeteria.UnitTests.csproj : warning NU1903: Package 'System.Security.Cryptography.Xml' 10.0.7 has a known high severity vulnerability, https://github.com/advisories/GHSA-g8r8-53c2-pm3f [/Users/alexis/Downloads/tcde/ArtisanalBrew/ThisCafeteria.sln]
/Users/alexis/Downloads/tcde/ArtisanalBrew/tools/ThisCafeteria.CrossStackHarness/ThisCafeteria.CrossStackHarness.csproj : warning NU1903: Package 'SQLitePCLRaw.lib.e_sqlite3' 2.1.11 has a known high severity vulnerability, https://github.com/advisories/GHSA-2m69-gcr7-jv3q [/Users/alexis/Downloads/tcde/ArtisanalBrew/ThisCafeteria.sln]
  All projects are up-to-date for restore.
/Users/alexis/Downloads/tcde/ArtisanalBrew/tools/ThisCafeteria.CrossStackHarness/ThisCafeteria.CrossStackHarness.csproj : warning NU1608: Detected package version outside of dependency constraint: Nethereum.JsonRpc.Client 5.8.0 requires Microsoft.Extensions.Logging.Abstractions (>= 6.0.0 && < 10.0.0) but version Microsoft.Extensions.Logging.Abstractions 10.0.10 was resolved.
/Users/alexis/Downloads/tcde/ArtisanalBrew/tools/ThisCafeteria.CrossStackHarness/ThisCafeteria.CrossStackHarness.csproj : warning NU1903: Package 'SQLitePCLRaw.lib.e_sqlite3' 2.1.11 has a known high severity vulnerability, https://github.com/advisories/GHSA-2m69-gcr7-jv3q
/Users/alexis/Downloads/tcde/ArtisanalBrew/tests/ThisCafeteria.IntegrationTests/ThisCafeteria.IntegrationTests.csproj : warning NU1608: Detected package version outside of dependency constraint: Nethereum.JsonRpc.Client 5.8.0 requires Microsoft.Extensions.Logging.Abstractions (>= 6.0.0 && < 10.0.0) but version Microsoft.Extensions.Logging.Abstractions 10.0.10 was resolved.
/Users/alexis/Downloads/tcde/ArtisanalBrew/tests/ThisCafeteria.IntegrationTests/ThisCafeteria.IntegrationTests.csproj : warning NU1903: Package 'System.Security.Cryptography.Xml' 10.0.7 has a known high severity vulnerability, https://github.com/advisories/GHSA-23rf-6693-g89p
/Users/alexis/Downloads/tcde/ArtisanalBrew/tests/ThisCafeteria.IntegrationTests/ThisCafeteria.IntegrationTests.csproj : warning NU1903: Package 'System.Security.Cryptography.Xml' 10.0.7 has a known high severity vulnerability, https://github.com/advisories/GHSA-8q5v-6pqq-x66h
/Users/alexis/Downloads/tcde/ArtisanalBrew/tests/ThisCafeteria.IntegrationTests/ThisCafeteria.IntegrationTests.csproj : warning NU1903: Package 'System.Security.Cryptography.Xml' 10.0.7 has a known high severity vulnerability, https://github.com/advisories/GHSA-cvvh-rhrc-wg4q
/Users/alexis/Downloads/tcde/ArtisanalBrew/tests/ThisCafeteria.IntegrationTests/ThisCafeteria.IntegrationTests.csproj : warning NU1903: Package 'System.Security.Cryptography.Xml' 10.0.7 has a known high severity vulnerability, https://github.com/advisories/GHSA-g8r8-53c2-pm3f
/Users/alexis/Downloads/tcde/ArtisanalBrew/src/ThisCafeteria.Infrastructure/ThisCafeteria.Infrastructure.csproj : warning NU1608: Detected package version outside of dependency constraint: Nethereum.JsonRpc.Client 5.8.0 requires Microsoft.Extensions.Logging.Abstractions (>= 6.0.0 && < 10.0.0) but version Microsoft.Extensions.Logging.Abstractions 10.0.10 was resolved.
/Users/alexis/Downloads/tcde/ArtisanalBrew/tests/ThisCafeteria.UnitTests/ThisCafeteria.UnitTests.csproj : warning NU1608: Detected package version outside of dependency constraint: Nethereum.JsonRpc.Client 5.8.0 requires Microsoft.Extensions.Logging.Abstractions (>= 6.0.0 && < 10.0.0) but version Microsoft.Extensions.Logging.Abstractions 10.0.10 was resolved.
/Users/alexis/Downloads/tcde/ArtisanalBrew/tests/ThisCafeteria.UnitTests/ThisCafeteria.UnitTests.csproj : warning NU1903: Package 'SQLitePCLRaw.lib.e_sqlite3' 2.1.11 has a known high severity vulnerability, https://github.com/advisories/GHSA-2m69-gcr7-jv3q
/Users/alexis/Downloads/tcde/ArtisanalBrew/tests/ThisCafeteria.UnitTests/ThisCafeteria.UnitTests.csproj : warning NU1903: Package 'System.Security.Cryptography.Xml' 10.0.7 has a known high severity vulnerability, https://github.com/advisories/GHSA-23rf-6693-g89p
/Users/alexis/Downloads/tcde/ArtisanalBrew/tests/ThisCafeteria.UnitTests/ThisCafeteria.UnitTests.csproj : warning NU1903: Package 'System.Security.Cryptography.Xml' 10.0.7 has a known high severity vulnerability, https://github.com/advisories/GHSA-8q5v-6pqq-x66h
/Users/alexis/Downloads/tcde/ArtisanalBrew/tests/ThisCafeteria.UnitTests/ThisCafeteria.UnitTests.csproj : warning NU1903: Package 'System.Security.Cryptography.Xml' 10.0.7 has a known high severity vulnerability, https://github.com/advisories/GHSA-cvvh-rhrc-wg4q
/Users/alexis/Downloads/tcde/ArtisanalBrew/tests/ThisCafeteria.UnitTests/ThisCafeteria.UnitTests.csproj : warning NU1903: Package 'System.Security.Cryptography.Xml' 10.0.7 has a known high severity vulnerability, https://github.com/advisories/GHSA-g8r8-53c2-pm3f
/Users/alexis/Downloads/tcde/ArtisanalBrew/src/ThisCafeteria.Worker/ThisCafeteria.Worker.csproj : warning NU1608: Detected package version outside of dependency constraint: Nethereum.JsonRpc.Client 5.8.0 requires Microsoft.Extensions.Logging.Abstractions (>= 6.0.0 && < 10.0.0) but version Microsoft.Extensions.Logging.Abstractions 10.0.10 was resolved.
  ThisCafeteria.Domain -> /Users/alexis/Downloads/tcde/ArtisanalBrew/src/ThisCafeteria.Domain/bin/Debug/net10.0/ThisCafeteria.Domain.dll
  ThisCafeteria.Application -> /Users/alexis/Downloads/tcde/ArtisanalBrew/src/ThisCafeteria.Application/bin/Debug/net10.0/ThisCafeteria.Application.dll
  ThisCafeteria.Infrastructure -> /Users/alexis/Downloads/tcde/ArtisanalBrew/src/ThisCafeteria.Infrastructure/bin/Debug/net10.0/ThisCafeteria.Infrastructure.dll
  ThisCafeteria.CrossStackHarness -> /Users/alexis/Downloads/tcde/ArtisanalBrew/tools/ThisCafeteria.CrossStackHarness/bin/Debug/net10.0/ThisCafeteria.CrossStackHarness.dll
  ThisCafeteria.Worker -> /Users/alexis/Downloads/tcde/ArtisanalBrew/src/ThisCafeteria.Worker/bin/Debug/net10.0/ThisCafeteria.Worker.dll
  ThisCafeteria.Web -> /Users/alexis/Downloads/tcde/ArtisanalBrew/src/ThisCafeteria.Web/bin/Debug/net10.0/ThisCafeteria.Web.dll
  ThisCafeteria.IntegrationTests -> /Users/alexis/Downloads/tcde/ArtisanalBrew/tests/ThisCafeteria.IntegrationTests/bin/Debug/net10.0/ThisCafeteria.IntegrationTests.dll
  ThisCafeteria.UnitTests -> /Users/alexis/Downloads/tcde/ArtisanalBrew/tests/ThisCafeteria.UnitTests/bin/Debug/net10.0/ThisCafeteria.UnitTests.dll

Build succeeded.

/Users/alexis/Downloads/tcde/ArtisanalBrew/src/ThisCafeteria.Worker/ThisCafeteria.Worker.csproj : warning NU1608: Detected package version outside of dependency constraint: Nethereum.JsonRpc.Client 5.8.0 requires Microsoft.Extensions.Logging.Abstractions (>= 6.0.0 && < 10.0.0) but version Microsoft.Extensions.Logging.Abstractions 10.0.10 was resolved. [/Users/alexis/Downloads/tcde/ArtisanalBrew/ThisCafeteria.sln]
/Users/alexis/Downloads/tcde/ArtisanalBrew/src/ThisCafeteria.Infrastructure/ThisCafeteria.Infrastructure.csproj : warning NU1608: Detected package version outside of dependency constraint: Nethereum.JsonRpc.Client 5.8.0 requires Microsoft.Extensions.Logging.Abstractions (>= 6.0.0 && < 10.0.0) but version Microsoft.Extensions.Logging.Abstractions 10.0.10 was resolved. [/Users/alexis/Downloads/tcde/ArtisanalBrew/ThisCafeteria.sln]
/Users/alexis/Downloads/tcde/ArtisanalBrew/tests/ThisCafeteria.IntegrationTests/ThisCafeteria.IntegrationTests.csproj : warning NU1608: Detected package version outside of dependency constraint: Nethereum.JsonRpc.Client 5.8.0 requires Microsoft.Extensions.Logging.Abstractions (>= 6.0.0 && < 10.0.0) but version Microsoft.Extensions.Logging.Abstractions 10.0.10 was resolved. [/Users/alexis/Downloads/tcde/ArtisanalBrew/ThisCafeteria.sln]
/Users/alexis/Downloads/tcde/ArtisanalBrew/tests/ThisCafeteria.UnitTests/ThisCafeteria.UnitTests.csproj : warning NU1608: Detected package version outside of dependency constraint: Nethereum.JsonRpc.Client 5.8.0 requires Microsoft.Extensions.Logging.Abstractions (>= 6.0.0 && < 10.0.0) but version Microsoft.Extensions.Logging.Abstractions 10.0.10 was resolved. [/Users/alexis/Downloads/tcde/ArtisanalBrew/ThisCafeteria.sln]
/Users/alexis/Downloads/tcde/ArtisanalBrew/tests/ThisCafeteria.IntegrationTests/ThisCafeteria.IntegrationTests.csproj : warning NU1903: Package 'System.Security.Cryptography.Xml' 10.0.7 has a known high severity vulnerability, https://github.com/advisories/GHSA-23rf-6693-g89p [/Users/alexis/Downloads/tcde/ArtisanalBrew/ThisCafeteria.sln]
/Users/alexis/Downloads/tcde/ArtisanalBrew/tests/ThisCafeteria.UnitTests/ThisCafeteria.UnitTests.csproj : warning NU1903: Package 'SQLitePCLRaw.lib.e_sqlite3' 2.1.11 has a known high severity vulnerability, https://github.com/advisories/GHSA-2m69-gcr7-jv3q [/Users/alexis/Downloads/tcde/ArtisanalBrew/ThisCafeteria.sln]
/Users/alexis/Downloads/tcde/ArtisanalBrew/tools/ThisCafeteria.CrossStackHarness/ThisCafeteria.CrossStackHarness.csproj : warning NU1608: Detected package version outside of dependency constraint: Nethereum.JsonRpc.Client 5.8.0 requires Microsoft.Extensions.Logging.Abstractions (>= 6.0.0 && < 10.0.0) but version Microsoft.Extensions.Logging.Abstractions 10.0.10 was resolved. [/Users/alexis/Downloads/tcde/ArtisanalBrew/ThisCafeteria.sln]
/Users/alexis/Downloads/tcde/ArtisanalBrew/tests/ThisCafeteria.IntegrationTests/ThisCafeteria.IntegrationTests.csproj : warning NU1903: Package 'System.Security.Cryptography.Xml' 10.0.7 has a known high severity vulnerability, https://github.com/advisories/GHSA-8q5v-6pqq-x66h [/Users/alexis/Downloads/tcde/ArtisanalBrew/ThisCafeteria.sln]
/Users/alexis/Downloads/tcde/ArtisanalBrew/tests/ThisCafeteria.UnitTests/ThisCafeteria.UnitTests.csproj : warning NU1903: Package 'System.Security.Cryptography.Xml' 10.0.7 has a known high severity vulnerability, https://github.com/advisories/GHSA-23rf-6693-g89p [/Users/alexis/Downloads/tcde/ArtisanalBrew/ThisCafeteria.sln]
/Users/alexis/Downloads/tcde/ArtisanalBrew/tests/ThisCafeteria.IntegrationTests/ThisCafeteria.IntegrationTests.csproj : warning NU1903: Package 'System.Security.Cryptography.Xml' 10.0.7 has a known high severity vulnerability, https://github.com/advisories/GHSA-cvvh-rhrc-wg4q [/Users/alexis/Downloads/tcde/ArtisanalBrew/ThisCafeteria.sln]
/Users/alexis/Downloads/tcde/ArtisanalBrew/tests/ThisCafeteria.UnitTests/ThisCafeteria.UnitTests.csproj : warning NU1903: Package 'System.Security.Cryptography.Xml' 10.0.7 has a known high severity vulnerability, https://github.com/advisories/GHSA-8q5v-6pqq-x66h [/Users/alexis/Downloads/tcde/ArtisanalBrew/ThisCafeteria.sln]
/Users/alexis/Downloads/tcde/ArtisanalBrew/tests/ThisCafeteria.IntegrationTests/ThisCafeteria.IntegrationTests.csproj : warning NU1903: Package 'System.Security.Cryptography.Xml' 10.0.7 has a known high severity vulnerability, https://github.com/advisories/GHSA-g8r8-53c2-pm3f [/Users/alexis/Downloads/tcde/ArtisanalBrew/ThisCafeteria.sln]
/Users/alexis/Downloads/tcde/ArtisanalBrew/tests/ThisCafeteria.UnitTests/ThisCafeteria.UnitTests.csproj : warning NU1903: Package 'System.Security.Cryptography.Xml' 10.0.7 has a known high severity vulnerability, https://github.com/advisories/GHSA-cvvh-rhrc-wg4q [/Users/alexis/Downloads/tcde/ArtisanalBrew/ThisCafeteria.sln]
/Users/alexis/Downloads/tcde/ArtisanalBrew/tests/ThisCafeteria.UnitTests/ThisCafeteria.UnitTests.csproj : warning NU1903: Package 'System.Security.Cryptography.Xml' 10.0.7 has a known high severity vulnerability, https://github.com/advisories/GHSA-g8r8-53c2-pm3f [/Users/alexis/Downloads/tcde/ArtisanalBrew/ThisCafeteria.sln]
/Users/alexis/Downloads/tcde/ArtisanalBrew/tools/ThisCafeteria.CrossStackHarness/ThisCafeteria.CrossStackHarness.csproj : warning NU1903: Package 'SQLitePCLRaw.lib.e_sqlite3' 2.1.11 has a known high severity vulnerability, https://github.com/advisories/GHSA-2m69-gcr7-jv3q [/Users/alexis/Downloads/tcde/ArtisanalBrew/ThisCafeteria.sln]
/Users/alexis/Downloads/tcde/ArtisanalBrew/tools/ThisCafeteria.CrossStackHarness/ThisCafeteria.CrossStackHarness.csproj : warning NU1608: Detected package version outside of dependency constraint: Nethereum.JsonRpc.Client 5.8.0 requires Microsoft.Extensions.Logging.Abstractions (>= 6.0.0 && < 10.0.0) but version Microsoft.Extensions.Logging.Abstractions 10.0.10 was resolved.
/Users/alexis/Downloads/tcde/ArtisanalBrew/tools/ThisCafeteria.CrossStackHarness/ThisCafeteria.CrossStackHarness.csproj : warning NU1903: Package 'SQLitePCLRaw.lib.e_sqlite3' 2.1.11 has a known high severity vulnerability, https://github.com/advisories/GHSA-2m69-gcr7-jv3q
/Users/alexis/Downloads/tcde/ArtisanalBrew/tests/ThisCafeteria.IntegrationTests/ThisCafeteria.IntegrationTests.csproj : warning NU1608: Detected package version outside of dependency constraint: Nethereum.JsonRpc.Client 5.8.0 requires Microsoft.Extensions.Logging.Abstractions (>= 6.0.0 && < 10.0.0) but version Microsoft.Extensions.Logging.Abstractions 10.0.10 was resolved.
/Users/alexis/Downloads/tcde/ArtisanalBrew/tests/ThisCafeteria.IntegrationTests/ThisCafeteria.IntegrationTests.csproj : warning NU1903: Package 'System.Security.Cryptography.Xml' 10.0.7 has a known high severity vulnerability, https://github.com/advisories/GHSA-23rf-6693-g89p
/Users/alexis/Downloads/tcde/ArtisanalBrew/tests/ThisCafeteria.IntegrationTests/ThisCafeteria.IntegrationTests.csproj : warning NU1903: Package 'System.Security.Cryptography.Xml' 10.0.7 has a known high severity vulnerability, https://github.com/advisories/GHSA-8q5v-6pqq-x66h
/Users/alexis/Downloads/tcde/ArtisanalBrew/tests/ThisCafeteria.IntegrationTests/ThisCafeteria.IntegrationTests.csproj : warning NU1903: Package 'System.Security.Cryptography.Xml' 10.0.7 has a known high severity vulnerability, https://github.com/advisories/GHSA-cvvh-rhrc-wg4q
/Users/alexis/Downloads/tcde/ArtisanalBrew/tests/ThisCafeteria.IntegrationTests/ThisCafeteria.IntegrationTests.csproj : warning NU1903: Package 'System.Security.Cryptography.Xml' 10.0.7 has a known high severity vulnerability, https://github.com/advisories/GHSA-g8r8-53c2-pm3f
/Users/alexis/Downloads/tcde/ArtisanalBrew/src/ThisCafeteria.Infrastructure/ThisCafeteria.Infrastructure.csproj : warning NU1608: Detected package version outside of dependency constraint: Nethereum.JsonRpc.Client 5.8.0 requires Microsoft.Extensions.Logging.Abstractions (>= 6.0.0 && < 10.0.0) but version Microsoft.Extensions.Logging.Abstractions 10.0.10 was resolved.
/Users/alexis/Downloads/tcde/ArtisanalBrew/tests/ThisCafeteria.UnitTests/ThisCafeteria.UnitTests.csproj : warning NU1608: Detected package version outside of dependency constraint: Nethereum.JsonRpc.Client 5.8.0 requires Microsoft.Extensions.Logging.Abstractions (>= 6.0.0 && < 10.0.0) but version Microsoft.Extensions.Logging.Abstractions 10.0.10 was resolved.
/Users/alexis/Downloads/tcde/ArtisanalBrew/tests/ThisCafeteria.UnitTests/ThisCafeteria.UnitTests.csproj : warning NU1903: Package 'SQLitePCLRaw.lib.e_sqlite3' 2.1.11 has a known high severity vulnerability, https://github.com/advisories/GHSA-2m69-gcr7-jv3q
/Users/alexis/Downloads/tcde/ArtisanalBrew/tests/ThisCafeteria.UnitTests/ThisCafeteria.UnitTests.csproj : warning NU1903: Package 'System.Security.Cryptography.Xml' 10.0.7 has a known high severity vulnerability, https://github.com/advisories/GHSA-23rf-6693-g89p
/Users/alexis/Downloads/tcde/ArtisanalBrew/tests/ThisCafeteria.UnitTests/ThisCafeteria.UnitTests.csproj : warning NU1903: Package 'System.Security.Cryptography.Xml' 10.0.7 has a known high severity vulnerability, https://github.com/advisories/GHSA-8q5v-6pqq-x66h
/Users/alexis/Downloads/tcde/ArtisanalBrew/tests/ThisCafeteria.UnitTests/ThisCafeteria.UnitTests.csproj : warning NU1903: Package 'System.Security.Cryptography.Xml' 10.0.7 has a known high severity vulnerability, https://github.com/advisories/GHSA-cvvh-rhrc-wg4q
/Users/alexis/Downloads/tcde/ArtisanalBrew/tests/ThisCafeteria.UnitTests/ThisCafeteria.UnitTests.csproj : warning NU1903: Package 'System.Security.Cryptography.Xml' 10.0.7 has a known high severity vulnerability, https://github.com/advisories/GHSA-g8r8-53c2-pm3f
/Users/alexis/Downloads/tcde/ArtisanalBrew/src/ThisCafeteria.Worker/ThisCafeteria.Worker.csproj : warning NU1608: Detected package version outside of dependency constraint: Nethereum.JsonRpc.Client 5.8.0 requires Microsoft.Extensions.Logging.Abstractions (>= 6.0.0 && < 10.0.0) but version Microsoft.Extensions.Logging.Abstractions 10.0.10 was resolved.
    30 Warning(s)
    0 Error(s)

Time Elapsed 00:00:00.94
--- Applying database migrations ---
/Users/alexis/Downloads/tcde/ArtisanalBrew/src/ThisCafeteria.Infrastructure/ThisCafeteria.Infrastructure.csproj : warning NU1608: Detected package version outside of dependency constraint: Nethereum.JsonRpc.Client 5.8.0 requires Microsoft.Extensions.Logging.Abstractions (>= 6.0.0 && < 10.0.0) but version Microsoft.Extensions.Logging.Abstractions 10.0.10 was resolved.
Build started...
Build succeeded.
The Entity Framework tools version '10.0.9' is older than that of the runtime '10.0.10'. Update the tools for the latest features and bug fixes. See https://aka.ms/AAc1fbw for more information.
Acquiring an exclusive lock for migration application. See https://aka.ms/efcore-docs-migrations-lock for more information if this takes too long.
No migrations were applied. The database is already up to date.
Done.
--- Starting Hardhat node ---
Hardhat node PID: 39812
--- Waiting for Hardhat node RPC ---
Waiting for Hardhat node (attempt 1/30)...
Hardhat node is ready.
--- Deploying contracts to local Hardhat node ---

> deploy:local
> hardhat run scripts/deploy.ts --network localhost


{
  "schemaVersion": 1,
  "chainKey": "evm-local",
  "chainId": 31337,
  "rpcUrl": "http://127.0.0.1:8545",
  "displayName": "Local EVM",
  "explorerAddressTemplate": "http://127.0.0.1:8545/address/{0}",
  "explorerTransactionTemplate": "http://127.0.0.1:8545/tx/{0}",
  "nativeCurrency": {
    "name": "Local Ether",
    "symbol": "ETH",
    "decimals": 18
  },
  "deployBlock": "3",
  "compiler": {
    "solc": "0.8.24",
    "optimizerRuns": 200,
    "viaIR": true
  },
  "deployedAtUtc": "2026-07-21T17:04:05.415Z",
  "addresses": {
    "cafe": "0x5fbdb2315678afecb367f032d93f642f64180aa3",
    "coffee": "0xe7f1725e7734ce288f8367e1bb143e90bb3f0512",
    "liquidVault": "0x9fe46736679d2d9a65f0992f2272de9f3c7fa6e0",
    "faucet": "0xcf7ed3acca5a467e9e704c703e8d87f634fb0fc9",
    "entryPoint": "0x8a791620dd6260079bf849dc5567adc3f2fdc318",
    "accountFactory": "0x610178da211fef7d417bc0e6fed39f05609ad788",
    "verifyingPaymaster": "0xb7f8bc63bbcad18155201308c8f3540b07f84f5e",
    "erc8004Registry": "0xa51c1fc2f0d1a1b8494ed1fe312d7c3a78ed91c0",
    "erc7683Resolver": "0x0dcd1bf9a1b36ce34237eeafef220932846bcd82",
    "erc8183Escrow": "0x9a676e781a523b5d0c0e43731313a708cb607508"
  },
  "capabilities": {
    "walletLogin": true,
    "liquidStaking": true,
    "legacyExit": false,
    "faucet": true,
    "marketplacePayment": false,
    "rewardMinting": true,
    "agenticCommerce": true
  },
  "admin": "redacted"
}
WARNING: hre.network.connect() is deprecated and will be removed in a future version. Use hre.network.create() or hre.network.getOrCreate() instead.
Contract addresses (from manifest):
    "cafe": "0x5fbdb2315678afecb367f032d93f642f64180aa3",
    "erc8004Registry": "0xa51c1fc2f0d1a1b8494ed1fe312d7c3a78ed91c0",
    "erc8183Escrow": "0x9a676e781a523b5d0c0e43731313a708cb607508"
--- Purging stale reconciliation state for redeployed contracts ---
  escrow:   0x9a676e781a523b5d0c0e43731313a708cb607508
  registry: 0xa51c1fc2f0d1a1b8494ed1fe312d7c3a78ed91c0
DELETE 19
DELETE 0
DELETE 3
DELETE 1
DELETE 1
--- Starting reconciliation worker ---
Worker PID: 39880
--- Waiting for worker to initialize (5s) ---
--- Running acceptance test script ---
Test harness note: uses Hardhat-controlled local wallets, NOT a browser wallet or UI E2E test.
Setting up database connection...
1. Registering Agent Identity...
Agent Identity verified in DB.
2. Creating Job...
Job created with ID: 1
DB Job Row: 6f8a51d1-71ff-4349-95a7-01638725f926 | Status: Open | Creation Tx: 0x95be5a976651f3ea2cee2419a8488ee8b841deadc9e88f0fd72fa7293bc6143a
✓ Job created and verified in DB.
2b. Assigning Provider (setProvider)...
✓ ProviderSet reconciled to DB: 0x70997970c51812dc3a010c7d01b50e0d17dc79c8 (tx 0x34f2e3eac1a5438707eb086570dd299c65014ff409586970106c47c660a7af4e)
3. Setting Budget...
4. ERC-20 Approval & Funding...
✓ Job Funding verified in DB.
5. Provider Submission...
✓ Job Submission verified in DB.
6. Evaluator Completion...
Provider payout verified on-chain.
✓ Job Completion verified in DB.
=== Running Rejection Variant ===
Rejection variant passed.
=== Running Expiry Variant ===
Waiting for expiry...
Expiry variant passed.
✅ Full lifecycle acceptance test passed successfully!

--- Acceptance test exit code: 0 ---
--- Worker checkpoint and applied-event counts (via psql) ---
-- checkpoints --
 ChainKey  |               EscrowAddress                | LastScannedBlock |         UpdatedAtUtc          
-----------+--------------------------------------------+------------------+-------------------------------
 evm-local | 0x666d0c3da3dbc946d5128d06115bb4eed4595580 |              733 | 2026-07-20 20:31:12.185639+00
 evm-local | 0x67d269191c92caf3cd7723f116c85e6e9bf55933 |              733 | 2026-07-20 20:31:17.736836+00
 evm-local | 0x7bc06c482dead17c0e297afbc32f6e63d3846650 |              733 | 2026-07-20 20:31:17.739751+00
 evm-local | 0xfbc22278a96299d91d41c453234d97b4f5eb9b2d |              733 | 2026-07-20 20:31:17.743048+00
 evm-local | 0x2e2ed0cfd3ad2f1d34481277b3204d807ca2f8c2 |              733 | 2026-07-20 20:31:17.746715+00
 evm-local | 0x0e801d84fa97b50751dbf25036d067dcf18858bf |              733 | 2026-07-20 20:31:17.750774+00
 evm-local | 0x9a676e781a523b5d0c0e43731313a708cb607508 |               71 | 2026-07-21 17:04:25.745249+00
 evm-local | 0x045857bdeae7c1c7252d611eb24eb55564198b4c |              403 | 2026-07-21 11:02:20.673987+00
 evm-local | 0x56d13eb21a625eda8438f55df2c31dc3632034f5 |              459 | 2026-07-21 11:02:20.679754+00
 evm-local | 0x720472c8ce72c2a2d711333e064abd3e6bbeadd3 |              203 | 2026-07-21 11:02:20.766058+00
 evm-local | 0xa7c59f010700930003b33ab25a7a0679c860f29c |              234 | 2026-07-21 11:02:20.766062+00
 evm-local | 0x5fc748f1feb28d7b76fa1c6b07d8ba2d5535177c |              265 | 2026-07-21 11:02:21.367249+00
 evm-local | 0x19ceccd6942ad38562ee10bafd44776ceb67e923 |              296 | 2026-07-21 11:02:22.108658+00
 evm-local | 0xde2bd2ffea002b8e84adea96e5976af664115e2c |              348 | 2026-07-21 11:02:04.452251+00
(14 rows)

-- applied event count (THIS RUN – escrow + registry only) --
 applied_event_count_this_run 
------------------------------
                           19
(1 row)

-- applied event count (cumulative, all contracts) --
 applied_event_count_total 
---------------------------
                       103
(1 row)

-- deferred event count (THIS RUN) --
 deferred_event_count_this_run 
-------------------------------
                             0
(1 row)

-- deferred event count (cumulative) --
 deferred_event_count_total 
----------------------------
                          0
(1 row)

-- job projections (THIS RUN) --
 OnChainJobId |  Status   |              ProviderAddress               |                      CreationTransactionHash                       |                       FundedTransactionHash                        |                     CompletionTransactionHash                      
--------------+-----------+--------------------------------------------+--------------------------------------------------------------------+--------------------------------------------------------------------+--------------------------------------------------------------------
            1 | Completed | 0x70997970C51812dc3A010C7d01b50e0d17dc79C8 | 0x95be5a976651f3ea2cee2419a8488ee8b841deadc9e88f0fd72fa7293bc6143a | 0x2ad1ba16e9cd613739a72512fb3aea1f36e423340f1795a6bd899dc12e8e0f4e | 0x31de8b3f5d89725ebc385815cc343486426f34bd5dbcdcd6edf61b19e4fa3178
            2 | Rejected  | 0x70997970C51812dc3A010C7d01b50e0d17dc79C8 | 0x732bb0204ef57be1496dd345d2beeebdf2ccac38378098499cb0476e134abc36 | 0xb9256d3a84189577e10f98038bba43fff7d79d8380fd95d0d0d0eaeaf4710c56 | 0x65034f267ccdacc5304c88ead17f202e8c3aa5770c3b73e2794029e8631202bc
            3 | Expired   | 0x70997970C51812dc3A010C7d01b50e0d17dc79C8 | 0xf5ae7198a6a62927fdb9766ec084adf8af2a748cad74502df330aad08f8a120e | 0xb7c196b3e85b7cd6ff2ee5a2ec4151931eac0b7e1681b617c94afeadb88116af | 0xd84e0d533f3f575f3a0c3271f1ee63bd2597319ce5f702611b029aefa131288f
(3 rows)


--- Lifecycle stages proven ---
  create → provider assignment → budget → funding → submission → completion/payment release  [VERIFIED]
  rejection/refund  [VERIFIED]
  expiry/claim refund  [VERIFIED]

ACCEPTANCE_RESULT=PASS  exit=0
--- cleanup trap: terminating background processes ---
Killing worker tree (root PID 39880): 39883 39880
Killing hardhat node tree (root PID 39812): 39842 39814 39812
