
> deploy:local:node
> hardhat node --chain-id 31337

Started HTTP and WebSocket JSON-RPC server at http://127.0.0.1:8545/

Accounts
========

WARNING: Funds sent on live network to accounts with publicly known private keys WILL BE LOST.

Account #0:  0xf39fd6e51aad88f6f4ce6ab8827279cfffb92266 (10000 ETH)
Private Key: 0xac0974bec39a17e36ba4a6b4d238ff944bacb478cbed5efcae784d7bf4f2ff80

Account #1:  0x70997970c51812dc3a010c7d01b50e0d17dc79c8 (10000 ETH)
Private Key: 0x59c6995e998f97a5a0044966f0945389dc9e86dae88c7a8412f4603b6b78690d

Account #2:  0x3c44cdddb6a900fa2b585dd299e03d12fa4293bc (10000 ETH)
Private Key: 0x5de4111afa1a4b94908f83103eb1f1706367c2e68ca870fc3fb9a804cdab365a

Account #3:  0x90f79bf6eb2c4f870365e785982e1f101e93b906 (10000 ETH)
Private Key: 0x7c852118294e51e653712a81e05800f419141751be58f605c371e15141b007a6

Account #4:  0x15d34aaf54267db7d7c367839aaf71a00a2c6a65 (10000 ETH)
Private Key: 0x47e179ec197488593b187f80a00eb0da91f1b9d0b13f8733639f19c30a34926a

Account #5:  0x9965507d1a55bcc2695c58ba16fb37d819b0a4dc (10000 ETH)
Private Key: 0x8b3a350cf5c34c9194ca85829a2df0ec3153be0318b5e2d3348e872092edffba

Account #6:  0x976ea74026e726554db657fa54763abd0c3a0aa9 (10000 ETH)
Private Key: 0x92db14e403b83dfe3df233f83dfa3a0d7096f21ca9b0d6d6b8d88b2b4ec1564e

Account #7:  0x14dc79964da2c08b23698b3d3cc7ca32193d9955 (10000 ETH)
Private Key: 0x4bbbf85ce3377467afe5d46f804f221813b2bb87f24d81f60f1fcdbf7cbf4356

Account #8:  0x23618e81e3f5cdf7f54c3d65f7fbc0abf5b21e8f (10000 ETH)
Private Key: 0xdbda1821b80551c9d65939329250298aa3472ba22feea921c0cf5d620ea67b97

Account #9:  0xa0ee7a142d267c1f36714e4a8f75612f20a79720 (10000 ETH)
Private Key: 0x2a871d0798f97d79848a013d4936a73bf4cc922c825d33c1cf7073dff6d409c6

Account #10: 0xbcd4042de499d14e55001ccbb24a551f3b954096 (10000 ETH)
Private Key: 0xf214f2b2cd398c806f84e317254e0f0b801d0643303237d97a22a48e01628897

Account #11: 0x71be63f3384f5fb98995898a86b02fb2426c5788 (10000 ETH)
Private Key: 0x701b615bbdfb9de65240bc28bd21bbc0d996645a3dd57e7b12bc2bdf6f192c82

Account #12: 0xfabb0ac9d68b0b445fb7357272ff202c5651694a (10000 ETH)
Private Key: 0xa267530f49f8280200edf313ee7af6b827f2a8bce2897751d06a843f644967b1

Account #13: 0x1cbd3b2770909d4e10f157cabc84c7264073c9ec (10000 ETH)
Private Key: 0x47c99abed3324a2707c28affff1267e45918ec8c3f20b8aa892e8b065d2942dd

Account #14: 0xdf3e18d64bc6a983f673ab319ccae4f1a57c7097 (10000 ETH)
Private Key: 0xc526ee95bf44d8fc405a158bb884d9d1238d99f0612e9f33d006bb0789009aaa

Account #15: 0xcd3b766ccdd6ae721141f452c550ca635964ce71 (10000 ETH)
Private Key: 0x8166f546bab6da521a8369cab06c5d2b9e46670292d85c875ee9ec20e84ffb61

Account #16: 0x2546bcd3c84621e976d8185a91a922ae77ecec30 (10000 ETH)
Private Key: 0xea6c44ac03bff858b476bba40716402b03e41b8e97e276d1baec7c37d42484a0

Account #17: 0xbda5747bfd65f08deb54cb465eb87d40e51b197e (10000 ETH)
Private Key: 0x689af8efa8c651a91ad287602527f3af2fe9f6501a7ac4b061667b5a93e037fd

Account #18: 0xdd2fd4581271e230360230f9337d5c0430bf44c0 (10000 ETH)
Private Key: 0xde9be858da4a475276426320d5e9262ecfc3ba460bfac56360bfa6c4c28b4ee0

Account #19: 0x8626f6940e2eb28930efb4cef49b2d1f2c9c1199 (10000 ETH)
Private Key: 0xdf57089febbacf7ba0bc227dafbffa9fc08a93fdc68e1e42411a14efcf23656e

WARNING: Funds sent on live network to accounts with publicly known private keys WILL BE LOST.

[32meth_blockNumber[0m
[32meth_chainId[0m
[32meth_chainId (2)[0m
[32mhardhat_metadata[0m
[32meth_accounts[0m
[32meth_chainId[0m
[32meth_chainId (2)[0m
[32meth_getBlockByNumber[0m
[32meth_feeHistory[0m
[32meth_maxPriorityFeePerGas[0m
[32meth_estimateGas[0m
[32meth_sendTransaction[0m
  Contract deployment: TestCafeToken
  Contract address:    0x5fbdb2315678afecb367f032d93f642f64180aa3
  Transaction:         0x815dfb687f0ad512640f9d94e646c749576ebbe27e2139e7eaf9f978c337cfc9
  From:                0xf39fd6e51aad88f6f4ce6ab8827279cfffb92266
  Value:               0 ETH
  Gas used:            795953 of 795953
  Block #1:            0x26737850986b6477a87429a1d962708e32516420539c5096e4f6f6733dc2ec5c

[32meth_getTransactionReceipt[0m
[32meth_chainId[0m
[32meth_feeHistory[0m
[32meth_estimateGas[0m
[32meth_sendTransaction[0m
  Contract deployment: TestCoffeeToken
  Contract address:    0xe7f1725e7734ce288f8367e1bb143e90bb3f0512
  Transaction:         0xe5089091bb6f51d950256cdd560f4821430cc99f56b0dcb1d9df3aacceee22ef
  From:                0xf39fd6e51aad88f6f4ce6ab8827279cfffb92266
  Value:               0 ETH
  Gas used:            795987 of 795987
  Block #2:            0x941fddc92485aec57d7bdd76352280ca0ed5b53214514c6b1a690db6f82bf574

[32meth_getTransactionReceipt[0m
[32meth_chainId[0m
[32meth_feeHistory[0m
[32meth_estimateGas[0m
[32meth_sendTransaction[0m
  Contract deployment: CafeLiquidStakingVault
  Contract address:    0x9fe46736679d2d9a65f0992f2272de9f3c7fa6e0
  Transaction:         0xc0fc267c9e8624d43ec4ce5058851fe1628bc5941d7460fc65338ea931cc1ac7
  From:                0xf39fd6e51aad88f6f4ce6ab8827279cfffb92266
  Value:               0 ETH
  Gas used:            1846891 of 1846891
  Block #3:            0xd7f2584b4096369c4dad3029d37e467c737c1446044fe07d6b827a0ffacba49a

[32meth_getTransactionReceipt[0m
[32meth_blockNumber[0m
[32meth_chainId[0m
[32meth_feeHistory[0m
[32meth_estimateGas[0m
[32meth_sendTransaction[0m
  Contract deployment: CafeFaucet
  Contract address:    0xcf7ed3acca5a467e9e704c703e8d87f634fb0fc9
  Transaction:         0x5f3550273debe0ca5c2adb6b386b5d387fdbd551d7af3e9d81fbaaadb07ac6f7
  From:                0xf39fd6e51aad88f6f4ce6ab8827279cfffb92266
  Value:               0 ETH
  Gas used:            561230 of 561230
  Block #4:            0x0c676a49adc6f7679da3d68ff51ddf80a42c12316fc8d4187f17420e541cf559

[32meth_getTransactionReceipt[0m
[32meth_chainId[0m
[32meth_feeHistory[0m
[32meth_estimateGas[0m
[32meth_sendTransaction[0m
  Contract call:       TestCafeToken#mint
  Transaction:         0xb41b0b5caa758aa5a386a49f7295df3541c77625e55384e9ae2ba3049c03127f
  From:                0xf39fd6e51aad88f6f4ce6ab8827279cfffb92266
  To:                  0x5fbdb2315678afecb367f032d93f642f64180aa3
  Value:               0 ETH
  Gas used:            70615 of 70615
  Block #5:            0x181688c2888da906995110479758f61c7795f7f34c2e506cdf7708dcb10c61f8

[32meth_getTransactionReceipt[0m
[32meth_chainId[0m
[32meth_feeHistory[0m
[32meth_estimateGas[0m
[32meth_sendTransaction[0m
  Contract call:       TestCoffeeToken#mint
  Transaction:         0x518d752e144bd0b4848c8addd752bfd0248e67957d663282c6cd324cccc951d6
  From:                0xf39fd6e51aad88f6f4ce6ab8827279cfffb92266
  To:                  0xe7f1725e7734ce288f8367e1bb143e90bb3f0512
  Value:               0 ETH
  Gas used:            70615 of 70615
  Block #6:            0xb2bebd9b7affc644930d1a356c0bcf47daa923dca8745917073d68f597af8c56

[32meth_getTransactionReceipt[0m
[32meth_chainId[0m
[32meth_feeHistory[0m
[32meth_estimateGas[0m
[32meth_sendTransaction[0m
  Contract call:       TestCafeToken#mint
  Transaction:         0x0949657551be53d0c63fc9b0e22ddfff90db1042a7c9d66d707fe9ae89a56f5a
  From:                0xf39fd6e51aad88f6f4ce6ab8827279cfffb92266
  To:                  0x5fbdb2315678afecb367f032d93f642f64180aa3
  Value:               0 ETH
  Gas used:            53527 of 53527
  Block #7:            0x4929fd1b00aa75afad26c98d657faae973608541e48792e20be4005e2f31eec1

[32meth_getTransactionReceipt[0m
[32meth_chainId[0m
[32meth_feeHistory[0m
[32meth_estimateGas[0m
[32meth_sendTransaction[0m
  Contract call:       TestCoffeeToken#transfer
  Transaction:         0x209d93d92e8c0480918ae044717a8ad3e4c1b02bf550b16c4e47744d1c7463b7
  From:                0xf39fd6e51aad88f6f4ce6ab8827279cfffb92266
  To:                  0xe7f1725e7734ce288f8367e1bb143e90bb3f0512
  Value:               0 ETH
  Gas used:            51443 of 51443
  Block #8:            0x3727dd346a2096a2aeb24716fc0fa2a92084e031014e5b7c4e70e04880226543

[32meth_getTransactionReceipt[0m
[32meth_chainId[0m
[32meth_feeHistory[0m
[32meth_estimateGas[0m
[32meth_sendTransaction[0m
  Contract call:       CafeLiquidStakingVault#notifyRewardAmount
  Transaction:         0x9c6e78e05dcb9ccad6e13f86c9c98bcd567002de08d8e0c1e691ac5536cde56a
  From:                0xf39fd6e51aad88f6f4ce6ab8827279cfffb92266
  To:                  0x9fe46736679d2d9a65f0992f2272de9f3c7fa6e0
  Value:               0 ETH
  Gas used:            112558 of 117834
  Block #9:            0x2c93cc1970662398bf1f70092589ba8b17fa3c62710f4600b001f983f74b098d

[32meth_getTransactionReceipt[0m
[32meth_chainId[0m
[32meth_feeHistory[0m
[32meth_estimateGas[0m
[32meth_sendTransaction[0m
  Contract deployment: EntryPointFixture
  Contract address:    0x8a791620dd6260079bf849dc5567adc3f2fdc318
  Transaction:         0x46e882684ca83787c279751b8db9f99ccf3eea3d5bdcc1853bcc40d9b1888bde
  From:                0xf39fd6e51aad88f6f4ce6ab8827279cfffb92266
  Value:               0 ETH
  Gas used:            2725673 of 2725673
  Block #10:           0x30cd145b3908c1f0c657a143277329d653b55b9c854bffe2efe4f1f3d3fc02c8

[32meth_getTransactionReceipt[0m
[32meth_chainId[0m
[32meth_feeHistory[0m
[32meth_estimateGas[0m
[32meth_sendTransaction[0m
  Contract deployment: CanonicalSimpleAccountFactory
  Contract address:    0x610178da211fef7d417bc0e6fed39f05609ad788
  Transaction:         0xcee101cab9bf65e784c0cc4a8a8d2be92d1e7b5d87e083674245229469233d8d
  From:                0xf39fd6e51aad88f6f4ce6ab8827279cfffb92266
  Value:               0 ETH
  Gas used:            1490094 of 1490094
  Block #11:           0x8d39591ea66f0c7f2e73241beb33992ac7f735310815d7a49469e4e64f67538a

[32meth_getTransactionReceipt[0m
[32meth_chainId[0m
[32meth_feeHistory[0m
[32meth_estimateGas[0m
[32meth_sendTransaction[0m
  Contract deployment: CanonicalVerifyingPaymaster
  Contract address:    0xb7f8bc63bbcad18155201308c8f3540b07f84f5e
  Transaction:         0x2ab5179154e68d076c12bbdc45d2c7abbcab4433a6dc31aab39fe717fc74b61f
  From:                0xf39fd6e51aad88f6f4ce6ab8827279cfffb92266
  Value:               0 ETH
  Gas used:            853610 of 853610
  Block #12:           0x662db1543c79bb8273d830218392f08b47dce7339afd157bbcbd467efb4f8579

[32meth_getTransactionReceipt[0m
[32meth_chainId[0m
[32meth_feeHistory[0m
[32meth_estimateGas[0m
[32meth_sendTransaction[0m
  Contract deployment: ERC8004RegistryFixture
  Contract address:    0xa51c1fc2f0d1a1b8494ed1fe312d7c3a78ed91c0
  Transaction:         0x3392039137e48bcab1289d697363e595a4d2fe89f19a6f9f5fab11ee5d05caba
  From:                0xf39fd6e51aad88f6f4ce6ab8827279cfffb92266
  Value:               0 ETH
  Gas used:            582455 of 582455
  Block #13:           0xcdb385c32b7d02e81c1a9cc831b72573df38bca5cb7ece42200eeedd9106090f

[32meth_getTransactionReceipt[0m
[32meth_chainId[0m
[32meth_feeHistory[0m
[32meth_estimateGas[0m
[32meth_sendTransaction[0m
  Contract deployment: ERC7683ResolverFixture
  Contract address:    0x0dcd1bf9a1b36ce34237eeafef220932846bcd82
  Transaction:         0x6acf0823eaf3ca28709dc32c18bac1c4733cf12a8c93cc1e87411769177696ec
  From:                0xf39fd6e51aad88f6f4ce6ab8827279cfffb92266
  Value:               0 ETH
  Gas used:            603348 of 603348
  Block #14:           0x53ae7e6afbe09d38049397e33d02c57241ff8584eeae479c5567bf6c450307eb

[32meth_getTransactionReceipt[0m
[32meth_chainId[0m
[32meth_feeHistory[0m
[32meth_estimateGas[0m
[32meth_sendTransaction[0m
  Contract deployment: AgenticCommerceEscrow
  Contract address:    0x9a676e781a523b5d0c0e43731313a708cb607508
  Transaction:         0xc5fdb2dcc2c55aed141a3e0f9e4d6b7c80fa075e07b47a2133b683edc49259dd
  From:                0xf39fd6e51aad88f6f4ce6ab8827279cfffb92266
  Value:               0 ETH
  Gas used:            1127014 of 1127014
  Block #15:           0x22b56e081f4f71beee70b4a9e3aeb3bdb6e8c0b6e7dac5dd1ce8338a7d24bcbb

[32meth_getTransactionReceipt[0m
[32meth_blockNumber[0m
[32meth_blockNumber (2)[0m
[32meth_getLogs[0m
[32meth_getLogs (2)[0m
[32meth_getLogs (3)[0m
[32meth_getLogs (4)[0m
[32meth_getLogs (5)[0m
[32meth_getLogs (6)[0m
[32meth_getLogs (7)[0m
[32meth_getLogs (8)[0m
[32meth_getLogs (9)[0m
[32meth_getLogs (10)[0m
[32meth_getLogs (11)[0m
[32meth_blockNumber[0m
[32meth_getBalance[0m
[32meth_chainId[0m
[32meth_chainId (2)[0m
[32mhardhat_metadata[0m
[32meth_accounts[0m
[32meth_chainId[0m
[32meth_getBlockByNumber[0m
[32meth_feeHistory[0m
[32meth_estimateGas[0m
[32meth_sendTransaction[0m
  Contract call:       ERC8004RegistryFixture#registerAgent
  Transaction:         0xc737ee2b861ef03d779dd4cc1aab62b2008d387efcaeb47dedb4bd705d61f12c
  From:                0x70997970c51812dc3a010c7d01b50e0d17dc79c8
  To:                  0xa51c1fc2f0d1a1b8494ed1fe312d7c3a78ed91c0
  Value:               0 ETH
  Gas used:            136109 of 136109
  Block #16:           0x56523e515da5c46623a9459613ec69c40936a7901f75cefd0544b9130ff8bd55

[32meth_getTransactionReceipt[0m
[32mevm_mine[0m
  Mined empty block #17 with base fee 109298577

[32mevm_mine[0m
  Mined empty block #18 with base fee 95636255

[32mevm_mine[0m
  Mined empty block #19 with base fee 83681724

[32meth_getBlockByNumber[0m
[32meth_chainId[0m
[32meth_feeHistory[0m
[32meth_maxPriorityFeePerGas[0m
[32meth_estimateGas[0m
[32meth_sendTransaction[0m
  Contract call:       AgenticCommerceEscrow#createJob
  Transaction:         0x99440632785b8f9c22882dcea044c1f19353884edf32d986d6c4d497901e2f51
  From:                0xf39fd6e51aad88f6f4ce6ab8827279cfffb92266
  To:                  0x9a676e781a523b5d0c0e43731313a708cb607508
  Value:               0 ETH
  Gas used:            166144 of 166144
  Block #20:           0x74897325f6c5347ab1541223b0ec4fbb97d6da6412b7a2a2aea4b85684a597a0

[32meth_getTransactionReceipt[0m
[32meth_getLogs[0m
[32mevm_mine[0m
  Mined empty block #21 with base fee 64119510

[32mevm_mine[0m
  Mined empty block #22 with base fee 56104572

[32mevm_mine[0m
  Mined empty block #23 with base fee 49091501

[32meth_blockNumber[0m
[32meth_getLogs[0m
[32meth_getLogs (2)[0m
[32meth_getLogs (3)[0m
[32meth_getLogs (4)[0m
[32meth_getLogs (5)[0m
[32meth_getLogs (6)[0m
[32meth_getLogs (7)[0m
[32meth_getLogs (8)[0m
[32meth_getLogs (9)[0m
[32meth_getLogs (10)[0m
[32meth_getLogs (11)[0m
[32mevm_mine[0m
  Mined empty block #24 with base fee 42955064

[32meth_chainId[0m
[32meth_feeHistory[0m
[32meth_maxPriorityFeePerGas[0m
[32meth_estimateGas[0m
[32meth_sendTransaction[0m
  Contract call:       AgenticCommerceEscrow#setProvider
  Transaction:         0xa131af126347afeb8c2dd3f86ddcaea552d2c440ca382832d48f2c4c9be2f706
  From:                0xf39fd6e51aad88f6f4ce6ab8827279cfffb92266
  To:                  0x9a676e781a523b5d0c0e43731313a708cb607508
  Value:               0 ETH
  Gas used:            52493 of 52493
  Block #25:           0xe6421ca752d430aadb8eef1266b89ce3ec5edc1b7a034d13e4abed29e613f6d9

[32meth_getTransactionReceipt[0m
[32mevm_mine[0m
  Mined empty block #26 with base fee 32895692

[32mevm_mine[0m
  Mined empty block #27 with base fee 28783731

[32mevm_mine[0m
  Mined empty block #28 with base fee 25185765

[32mevm_mine[0m
  Mined empty block #29 with base fee 22037545

[32mevm_mine[0m
  Mined empty block #30 with base fee 19282852

[32meth_blockNumber[0m
[32meth_getLogs[0m
[32meth_getLogs (2)[0m
[32meth_getLogs (3)[0m
[32meth_getLogs (4)[0m
[32meth_getLogs (5)[0m
[32meth_getLogs (6)[0m
[32meth_getLogs (7)[0m
[32meth_getLogs (8)[0m
[32meth_getLogs (9)[0m
[32meth_getLogs (10)[0m
[32meth_getLogs (11)[0m
[32meth_chainId[0m
[32meth_feeHistory[0m
[32meth_maxPriorityFeePerGas[0m
[32meth_estimateGas[0m
[32meth_sendTransaction[0m
  Contract call:       AgenticCommerceEscrow#setBudget
  Transaction:         0x2f89ecb0fc30c0c3e5f70acf8b4eab68e88e3d93546e4f97c7835d446296b1ac
  From:                0xf39fd6e51aad88f6f4ce6ab8827279cfffb92266
  To:                  0x9a676e781a523b5d0c0e43731313a708cb607508
  Value:               0 ETH
  Gas used:            54864 of 54864
  Block #31:           0x4d7608d07e46008446ed8b545a263b4effedf32ee363f3f73d230d35f8fab964

[32meth_getTransactionReceipt[0m
[32meth_chainId[0m
[32meth_feeHistory[0m
[32meth_estimateGas[0m
[32meth_sendTransaction[0m
  Contract call:       TestCafeToken#approve
  Transaction:         0xb7820b25e9c2c4e22496f428771577adbd24e404881f0178c30835ae018ebddd
  From:                0xf39fd6e51aad88f6f4ce6ab8827279cfffb92266
  To:                  0x5fbdb2315678afecb367f032d93f642f64180aa3
  Value:               0 ETH
  Gas used:            46005 of 46005
  Block #32:           0xca5c666cd2213ec38060186a4f3e4aa994f001156d08c9271fbb6fe781c18f63

[32meth_getTransactionReceipt[0m
[32meth_chainId[0m
[32meth_feeHistory[0m
[32meth_estimateGas[0m
[32meth_sendTransaction[0m
  Contract call:       AgenticCommerceEscrow#fund
  Transaction:         0x4928a1088e5ff2914942e62740f72d91406ef5a02b81fb08e3e218126e9f294c
  From:                0xf39fd6e51aad88f6f4ce6ab8827279cfffb92266
  To:                  0x9a676e781a523b5d0c0e43731313a708cb607508
  Value:               0 ETH
  Gas used:            95065 of 105463
  Block #33:           0xd429363880ddf12fec3ad69dac4042c72f65ba4e34707daa1cbacda618f66609

[32meth_getTransactionReceipt[0m
[32mevm_mine[0m
  Mined empty block #34 with base fee 11313805

[32mevm_mine[0m
  Mined empty block #35 with base fee 9899580

[32mevm_mine[0m
  Mined empty block #36 with base fee 8662133

[32mevm_mine[0m
  Mined empty block #37 with base fee 7579367

[32mevm_mine[0m
  Mined empty block #38 with base fee 6631947

[32meth_blockNumber[0m
[32meth_getLogs[0m
[32meth_getLogs (2)[0m
[32meth_getLogs (3)[0m
[32meth_getLogs (4)[0m
[32meth_getLogs (5)[0m
[32meth_getLogs (6)[0m
[32meth_getLogs (7)[0m
[32meth_getLogs (8)[0m
[32meth_getLogs (9)[0m
[32meth_getLogs (10)[0m
[32meth_getLogs (11)[0m
[32meth_chainId[0m
[32meth_feeHistory[0m
[32meth_maxPriorityFeePerGas[0m
[32meth_estimateGas[0m
[32meth_sendTransaction[0m
  Contract call:       AgenticCommerceEscrow#submit
  Transaction:         0xbc08ebe55a4f54ec7af85a57e1c20a87ea1f4f38b4b27a1f98938a9376f0c0d4
  From:                0x70997970c51812dc3a010c7d01b50e0d17dc79c8
  To:                  0x9a676e781a523b5d0c0e43731313a708cb607508
  Value:               0 ETH
  Gas used:            33680 of 33680
  Block #39:           0x06d53a10c1c1969ee6c7739d025c70a265cc69387465b2d7c75beb212a148610

[32meth_getTransactionReceipt[0m
[32mevm_mine[0m
  Mined empty block #40 with base fee 5078400

[32mevm_mine[0m
  Mined empty block #41 with base fee 4443600

[32mevm_mine[0m
  Mined empty block #42 with base fee 3888150

[32mevm_mine[0m
  Mined empty block #43 with base fee 3402132

[32mevm_mine[0m
  Mined empty block #44 with base fee 2976866

[32meth_blockNumber[0m
[32meth_getLogs[0m
[32meth_getLogs (2)[0m
[32meth_getLogs (3)[0m
[32meth_getLogs (4)[0m
[32meth_getLogs (5)[0m
[32meth_getLogs (6)[0m
[32meth_getLogs (7)[0m
[32meth_getLogs (8)[0m
[32meth_getLogs (9)[0m
[32meth_getLogs (10)[0m
[32meth_getLogs (11)[0m
[32meth_accounts[0m
[32meth_call[0m
  Contract call:       TestCafeToken#balanceOf
  From:                0xf39fd6e51aad88f6f4ce6ab8827279cfffb92266
  To:                  0x5fbdb2315678afecb367f032d93f642f64180aa3

[32meth_chainId[0m
[32meth_feeHistory[0m
[32meth_maxPriorityFeePerGas[0m
[32meth_estimateGas[0m
[32meth_sendTransaction[0m
  Contract call:       AgenticCommerceEscrow#complete
  Transaction:         0x2612a22f01ad552c69831f918f86a69b19f278e7b24874d0d36a4ae06e0d5d89
  From:                0x3c44cdddb6a900fa2b585dd299e03d12fa4293bc
  To:                  0x9a676e781a523b5d0c0e43731313a708cb607508
  Value:               0 ETH
  Gas used:            78794 of 88643
  Block #45:           0x0b0f3629353b309ddd7305582a581aed6699fc10c7873112ba636d667711672c

[32meth_getTransactionReceipt[0m
[32meth_call[0m
  Contract call:       TestCafeToken#balanceOf
  From:                0xf39fd6e51aad88f6f4ce6ab8827279cfffb92266
  To:                  0x5fbdb2315678afecb367f032d93f642f64180aa3

[32mevm_mine[0m
  Mined empty block #46 with base fee 2280019

[32mevm_mine[0m
  Mined empty block #47 with base fee 1995017

[32mevm_mine[0m
  Mined empty block #48 with base fee 1745640

[32mevm_mine[0m
  Mined empty block #49 with base fee 1527435

[32mevm_mine[0m
  Mined empty block #50 with base fee 1336506

[32meth_blockNumber[0m
[32meth_getLogs[0m
[32meth_getLogs (2)[0m
[32meth_getLogs (3)[0m
[32meth_getLogs (4)[0m
[32meth_getLogs (5)[0m
[32meth_getLogs (6)[0m
[32meth_getLogs (7)[0m
[32meth_getLogs (8)[0m
[32meth_getLogs (9)[0m
[32meth_getLogs (10)[0m
[32meth_getLogs (11)[0m
[32meth_chainId[0m
[32meth_feeHistory[0m
[32meth_maxPriorityFeePerGas[0m
[32meth_estimateGas[0m
[32meth_sendTransaction[0m
  Contract call:       AgenticCommerceEscrow#createJob
  Transaction:         0x6d847e6867412512eb24d077c1cc85f548a1cdd0519e3bcb560f9a02304e036e
  From:                0xf39fd6e51aad88f6f4ce6ab8827279cfffb92266
  To:                  0x9a676e781a523b5d0c0e43731313a708cb607508
  Value:               0 ETH
  Gas used:            169184 of 169184
  Block #51:           0xe16ae20d2d83f845ecd25ec3713ebfa32a06df1e3801a8388a1bbcf12e6900bd

[32meth_getTransactionReceipt[0m
[32meth_getLogs[0m
[32meth_chainId[0m
[32meth_feeHistory[0m
[32meth_estimateGas[0m
[32meth_sendTransaction[0m
  Contract call:       AgenticCommerceEscrow#setBudget
  Transaction:         0x67227099ad693ce8ccae78db255ea66ab5e9438368b5f4b280dbeaac01d329ad
  From:                0xf39fd6e51aad88f6f4ce6ab8827279cfffb92266
  To:                  0x9a676e781a523b5d0c0e43731313a708cb607508
  Value:               0 ETH
  Gas used:            54864 of 54864
  Block #52:           0x07e45deaac4460ff87dee440301dbbd308d162e129f81c50e2748b0f21d42bd2

[32meth_chainId[0m
[32meth_feeHistory[0m
[32meth_estimateGas[0m
[32meth_sendTransaction[0m
  Contract call:       TestCafeToken#approve
  Transaction:         0x0816fc2bc3d1d15616e216c096b3fe3df2e3f6187735b4a9db375afdf58f1466
  From:                0xf39fd6e51aad88f6f4ce6ab8827279cfffb92266
  To:                  0x5fbdb2315678afecb367f032d93f642f64180aa3
  Value:               0 ETH
  Gas used:            46005 of 46005
  Block #53:           0x3e2a479bff5ed9c53ffe3c816abf80acaeeb63e6a2a09c64e153251a69cccb98

[32meth_chainId[0m
[32meth_feeHistory[0m
[32meth_estimateGas[0m
[32meth_sendTransaction[0m
  Contract call:       AgenticCommerceEscrow#fund
  Transaction:         0x60c9fdd8afe6571248ff73b5e2c9ec9e7a48d3ba704b02003f47d77dd9d4bb0b
  From:                0xf39fd6e51aad88f6f4ce6ab8827279cfffb92266
  To:                  0x9a676e781a523b5d0c0e43731313a708cb607508
  Value:               0 ETH
  Gas used:            95065 of 105463
  Block #54:           0x781a3ff7e520cb949973230f8466c8f6985bd8d7651e78c5a7be5a00cce3e605

[32meth_chainId[0m
[32meth_feeHistory[0m
[32meth_estimateGas[0m
[32meth_sendTransaction[0m
  Contract call:       AgenticCommerceEscrow#submit
  Transaction:         0xbd2204c14d1c630f61d89c2910661557411bdfca4d0c19ccab2d81324214484b
  From:                0x70997970c51812dc3a010c7d01b50e0d17dc79c8
  To:                  0x9a676e781a523b5d0c0e43731313a708cb607508
  Value:               0 ETH
  Gas used:            33680 of 33680
  Block #55:           0x98325ee6aa633e02a0481d400adf39d50020b68abc01a1d9efc51ba284baf0ac

[32meth_call[0m
  Contract call:       TestCafeToken#balanceOf
  From:                0xf39fd6e51aad88f6f4ce6ab8827279cfffb92266
  To:                  0x5fbdb2315678afecb367f032d93f642f64180aa3

[32meth_chainId[0m
[32meth_feeHistory[0m
[32meth_estimateGas[0m
[32meth_sendTransaction[0m
  Contract call:       AgenticCommerceEscrow#reject
  Transaction:         0xae179818c04eaf782e2b3e6bc0544e2250abc50ceaa7cc2dfdc61b7897702b39
  From:                0x3c44cdddb6a900fa2b585dd299e03d12fa4293bc
  To:                  0x9a676e781a523b5d0c0e43731313a708cb607508
  Value:               0 ETH
  Gas used:            53319 of 63316
  Block #56:           0xdb163c5ae6475cc7a8542cb1ff1e71fbe6e6ce5e6143364cbd0fa59352cb585c

[32meth_call[0m
  Contract call:       TestCafeToken#balanceOf
  From:                0xf39fd6e51aad88f6f4ce6ab8827279cfffb92266
  To:                  0x5fbdb2315678afecb367f032d93f642f64180aa3

[32mevm_mine[0m
  Mined empty block #57 with base fee 525974

[32mevm_mine[0m
  Mined empty block #58 with base fee 460228

[32mevm_mine[0m
  Mined empty block #59 with base fee 402700

[32mevm_mine[0m
  Mined empty block #60 with base fee 352363

[32meth_blockNumber[0m
[32meth_getLogs[0m
[32meth_getLogs (2)[0m
[32meth_getLogs (3)[0m
[32meth_getLogs (4)[0m
[32meth_getLogs (5)[0m
[32meth_getLogs (6)[0m
[32meth_getLogs (7)[0m
[32meth_getLogs (8)[0m
[32meth_getLogs (9)[0m
[32meth_getLogs (10)[0m
[32mevm_mine[0m
  Mined empty block #61 with base fee 308318

[32meth_getLogs[0m
[32meth_getBlockByNumber[0m
[32meth_chainId[0m
[32meth_feeHistory[0m
[32meth_maxPriorityFeePerGas[0m
[32meth_estimateGas[0m
[32meth_sendTransaction[0m
  Contract call:       AgenticCommerceEscrow#createJob
  Transaction:         0xf1bfec02617c4bfd500674d94ab33ccb0d25884b264a9ef5744d688a01a31824
  From:                0xf39fd6e51aad88f6f4ce6ab8827279cfffb92266
  To:                  0x9a676e781a523b5d0c0e43731313a708cb607508
  Value:               0 ETH
  Gas used:            169184 of 169184
  Block #62:           0x67ea02bf241478cda6042b4c7ac43cc11575568f7bcd76dd87309b68b9399ef9

[32meth_getTransactionReceipt[0m
[32meth_getLogs[0m
[32meth_chainId[0m
[32meth_feeHistory[0m
[32meth_estimateGas[0m
[32meth_sendTransaction[0m
  Contract call:       AgenticCommerceEscrow#setBudget
  Transaction:         0x714221670c06ca51fbcfd9c37b4b7105691cbfe8758ade29764944e73fa9b13d
  From:                0xf39fd6e51aad88f6f4ce6ab8827279cfffb92266
  To:                  0x9a676e781a523b5d0c0e43731313a708cb607508
  Value:               0 ETH
  Gas used:            54864 of 54864
  Block #63:           0x2ef409939fd2f18d1414917ab1370df6fc04f44336966e3beb9f8739d7f6b0ed

[32meth_chainId[0m
[32meth_feeHistory[0m
[32meth_estimateGas[0m
[32meth_sendTransaction[0m
  Contract call:       TestCafeToken#approve
  Transaction:         0x325ca39aa707a9d52fdc4821a603a5f8a3298e0f36794fb257d705f855c8ac6b
  From:                0xf39fd6e51aad88f6f4ce6ab8827279cfffb92266
  To:                  0x5fbdb2315678afecb367f032d93f642f64180aa3
  Value:               0 ETH
  Gas used:            46005 of 46005
  Block #64:           0xe3700991245268f3771a57b80e186ad6d9ab5a49458c1a0bec1ea8a79f8d6a59

[32meth_chainId[0m
[32meth_feeHistory[0m
[32meth_estimateGas[0m
[32meth_sendTransaction[0m
  Contract call:       AgenticCommerceEscrow#fund
  Transaction:         0xe2e892e264cd544d5d018dfc1a0aa7070434891e14e54902cddaade7621b9861
  From:                0xf39fd6e51aad88f6f4ce6ab8827279cfffb92266
  To:                  0x9a676e781a523b5d0c0e43731313a708cb607508
  Value:               0 ETH
  Gas used:            95065 of 105463
  Block #65:           0x454d38abe68a6e161d0ed9cf7c0ff0da4025ef5600653a372792bd4281d5586c

[32mevm_increaseTime[0m
[32mevm_mine[0m
  Mined empty block #66 with base fee 158417

[32meth_call[0m
  Contract call:       TestCafeToken#balanceOf
  From:                0xf39fd6e51aad88f6f4ce6ab8827279cfffb92266
  To:                  0x5fbdb2315678afecb367f032d93f642f64180aa3

[32meth_chainId[0m
[32meth_feeHistory[0m
[32meth_maxPriorityFeePerGas[0m
[32meth_estimateGas[0m
[32meth_sendTransaction[0m
  Contract call:       AgenticCommerceEscrow#claimRefund
  Transaction:         0xee0d0133e87dcece60f77ca26add5773886e116c345e6fc320ccb5c24f0f402c
  From:                0xf39fd6e51aad88f6f4ce6ab8827279cfffb92266
  To:                  0x9a676e781a523b5d0c0e43731313a708cb607508
  Value:               0 ETH
  Gas used:            51535 of 61600
  Block #67:           0x7e17e3f016681bac9a2930938defc540eecfff96ba6cc91382d90c5799387187

[32meth_call[0m
  Contract call:       TestCafeToken#balanceOf
  From:                0xf39fd6e51aad88f6f4ce6ab8827279cfffb92266
  To:                  0x5fbdb2315678afecb367f032d93f642f64180aa3

[32mevm_mine[0m
  Mined empty block #68 with base fee 121318

[32mevm_mine[0m
  Mined empty block #69 with base fee 106154

[32mevm_mine[0m
  Mined empty block #70 with base fee 92885

[32mevm_mine[0m
  Mined empty block #71 with base fee 81275

[32meth_blockNumber[0m
[32meth_getLogs[0m
[32meth_getLogs (2)[0m
[32meth_getLogs (3)[0m
[32meth_getLogs (4)[0m
[32meth_getLogs (5)[0m
[32meth_getLogs (6)[0m
[32meth_getLogs (7)[0m
[32meth_getLogs (8)[0m
[32meth_getLogs (9)[0m
[32meth_getLogs (10)[0m
[32meth_getLogs (11)[0m
[32mevm_mine[0m
  Mined empty block #72 with base fee 71116

[32meth_getBalance[0m
